// Jest Snapshot v1, https://goo.gl/fbAQLP

exports[`Footer basic snapshot  1`] = `
<footer
  class="sc-bdvvtL cGdMXw footer"
  data-testid="footer-test-id"
  height="64px"
>
  Footer
</footer>
`;
